Copyright 1986-2019 Xilinx, Inc. All Rights Reserved.
------------------------------------------------------------------------------------
| Tool Version : Vivado v.2019.1 (win64) Build 2552052 Fri May 24 14:49:42 MDT 2019
| Date         : Fri Dec  2 19:15:06 2022
| Host         : ECE-PHO115-14 running 64-bit major release  (build 9200)
| Command      : report_control_sets -verbose -file top_control_sets_placed.rpt
| Design       : top
| Device       : xc7a100t
------------------------------------------------------------------------------------

Control Set Information

Table of Contents
-----------------
1. Summary
2. Histogram
3. Flip-Flop Distribution
4. Detailed Control Set Information

1. Summary
----------

+----------------------------------------------------------+-------+
|                          Status                          | Count |
+----------------------------------------------------------+-------+
| Total control sets                                       |    25 |
|    Minimum number of control sets                        |    25 |
|    Addition due to synthesis replication                 |     0 |
|    Addition due to physical synthesis replication        |     0 |
| Unused register locations in slices containing registers |    58 |
+----------------------------------------------------------+-------+
* Control sets can be merged at opt_design using control_set_merge or merge_equivalent_drivers
** Run report_qor_suggestions for automated merging and remapping suggestions


2. Histogram
------------

+--------------------+-------+
|       Fanout       | Count |
+--------------------+-------+
| Total control sets |    25 |
| >= 0 to < 4        |     1 |
| >= 4 to < 6        |     4 |
| >= 6 to < 8        |     0 |
| >= 8 to < 10       |    10 |
| >= 10 to < 12      |     0 |
| >= 12 to < 14      |     0 |
| >= 14 to < 16      |     0 |
| >= 16              |    10 |
+--------------------+-------+
* Control sets can be remapped at either synth_design or opt_design


3. Flip-Flop Distribution
-------------------------

+--------------+-----------------------+------------------------+-----------------+--------------+
| Clock Enable | Synchronous Set/Reset | Asynchronous Set/Reset | Total Registers | Total Slices |
+--------------+-----------------------+------------------------+-----------------+--------------+
| No           | No                    | No                     |              87 |           48 |
| No           | No                    | Yes                    |             177 |          102 |
| No           | Yes                   | No                     |              76 |           30 |
| Yes          | No                    | No                     |               0 |            0 |
| Yes          | No                    | Yes                    |               0 |            0 |
| Yes          | Yes                   | No                     |              10 |            4 |
+--------------+-----------------------+------------------------+-----------------+--------------+


4. Detailed Control Set Information
-----------------------------------

+-----------------------+-----------------------------------+-----------------------------------+------------------+----------------+
|      Clock Signal     |           Enable Signal           |          Set/Reset Signal         | Slice Load Count | Bel Load Count |
+-----------------------+-----------------------------------+-----------------------------------+------------------+----------------+
|  CLK100MHZ_IBUF_BUFG  | DC/sig_out_i_2_n_0                | DC/sig_out0                       |                1 |              1 |
|  CLK50MHZ             |                                   | keyboard/debounce/clear           |                2 |              4 |
| ~keyboard/debounce/O0 | keyboard/cnt__3                   | keyboard/cnt[3]_i_1_n_0           |                1 |              4 |
|  CLK50MHZ             |                                   |                                   |                3 |              5 |
|  CLK50MHZ             | keyboard/debounce/cnt1[4]_i_2_n_0 | keyboard/debounce/cnt1[4]_i_1_n_0 |                2 |              5 |
|  CLK100MHZ_IBUF_BUFG  |                                   | B4_en_reg_n_0                     |                3 |              8 |
|  CLK100MHZ_IBUF_BUFG  |                                   | A4_en_reg_n_0                     |                3 |              8 |
|  CLK100MHZ_IBUF_BUFG  |                                   | C4_en_reg_n_0                     |                3 |              8 |
|  CLK100MHZ_IBUF_BUFG  |                                   | C5_en_reg_n_0                     |                4 |              8 |
|  CLK100MHZ_IBUF_BUFG  |                                   | D4_en_reg_n_0                     |                3 |              8 |
|  CLK100MHZ_IBUF_BUFG  |                                   | E4_en_reg_n_0                     |                4 |              8 |
|  CLK100MHZ_IBUF_BUFG  |                                   | F4_en_reg_n_0                     |                3 |              8 |
|  CLK100MHZ_IBUF_BUFG  |                                   | G4_en_reg_n_0                     |                3 |              8 |
|  CLK100MHZ_IBUF_BUFG  |                                   | SW_IBUF                           |                2 |              8 |
| ~keyboard/debounce/O0 |                                   |                                   |                3 |              9 |
|  F4/ClkDiv/clk_out    |                                   | F4_en_reg_n_0                     |               10 |             18 |
|  D4/ClkDiv/clk_256    |                                   | D4_en_reg_n_0                     |                9 |             18 |
|  E4/ClkDiv/clk_256    |                                   | E4_en_reg_n_0                     |               11 |             19 |
|  B4/ClkDiv/clk_out    |                                   | B4_en_reg_n_0                     |               14 |             23 |
|  C4/ClkDiv/clk_256    |                                   | C4_en_reg_n_0                     |               18 |             23 |
|  G4/ClkDiv/clk_out    |                                   | G4_en_reg_n_0                     |               12 |             24 |
|  A4/ClkDiv/clk_out    |                                   | A4_en_reg_n_0                     |               13 |             24 |
|  C5/ClkDiv/clk_out    |                                   | C5_en_reg_n_0                     |               15 |             28 |
|  flag_BUFG            |                                   |                                   |               16 |             32 |
|  CLK100MHZ_IBUF_BUFG  |                                   |                                   |               26 |             41 |
+-----------------------+-----------------------------------+-----------------------------------+------------------+----------------+


